10-20-2023 12:10:33 | INFO | *** EVALUATION ON TEST DATA  ***
10-20-2023 12:10:33 | INFO | AUC: nan
10-20-2023 12:10:33 | INFO | Matthews Correlation Coefficient computed after applying the tuned/selected threshold : 0.0
10-20-2023 12:10:33 | INFO | Accuracy on test set: 100.00%
10-20-2023 12:10:33 | INFO | Classification report for TEST DATA:
10-20-2023 12:10:33 | INFO |               precision    recall  f1-score   support

           0       1.00      1.00      1.00        17

    accuracy                           1.00        17
   macro avg       1.00      1.00      1.00        17
weighted avg       1.00      1.00      1.00        17

10-20-2023 12:10:33 | INFO |         pred:0
true:0      17
10-20-2023 12:10:33 | INFO |  "Accuracy": 1.0, "Precision": 0.0, "Recall": 0.0, "F1": 0.0, "MCC": 0.0
10-20-2023 12:10:33 | INFO | *** EVALUATION ON TEST DATA  ***
10-20-2023 12:10:33 | INFO | AUC: nan
10-20-2023 12:10:33 | INFO | Matthews Correlation Coefficient computed after applying the tuned/selected threshold : 0.0
10-20-2023 12:10:33 | INFO | Accuracy on test set: 99.11%
10-20-2023 12:10:33 | INFO | Classification report for TEST DATA:
10-20-2023 12:10:33 | INFO |               precision    recall  f1-score   support

           0       1.00      0.99      1.00       112
           1       0.00      0.00      0.00         0

    accuracy                           0.99       112
   macro avg       0.50      0.50      0.50       112
weighted avg       1.00      0.99      1.00       112

10-20-2023 12:10:33 | INFO |         pred:0  pred:1
true:0     111       1
true:1       0       0
10-20-2023 12:10:34 | INFO |  "Accuracy": 0.9910714285714286, "Precision": 0.0, "Recall": 0.0, "F1": 0.0, "MCC": 0.0
10-20-2023 12:10:34 | INFO | *** EVALUATION ON TEST DATA  ***
10-20-2023 12:10:34 | INFO | AUC: nan
10-20-2023 12:10:34 | INFO | Matthews Correlation Coefficient computed after applying the tuned/selected threshold : 0.0
10-20-2023 12:10:34 | INFO | Accuracy on test set: 98.15%
10-20-2023 12:10:34 | INFO | Classification report for TEST DATA:
10-20-2023 12:10:34 | INFO |               precision    recall  f1-score   support

           0       1.00      0.98      0.99        54
           1       0.00      0.00      0.00         0

    accuracy                           0.98        54
   macro avg       0.50      0.49      0.50        54
weighted avg       1.00      0.98      0.99        54

10-20-2023 12:10:34 | INFO |         pred:0  pred:1
true:0      53       1
true:1       0       0
10-20-2023 12:10:34 | INFO |  "Accuracy": 0.9814814814814815, "Precision": 0.0, "Recall": 0.0, "F1": 0.0, "MCC": 0.0
10-20-2023 12:10:34 | INFO | *** EVALUATION ON TEST DATA  ***
10-20-2023 12:10:34 | INFO | AUC: nan
10-20-2023 12:10:34 | INFO | Matthews Correlation Coefficient computed after applying the tuned/selected threshold : 0.0
10-20-2023 12:10:34 | INFO | Accuracy on test set: 100.00%
10-20-2023 12:10:34 | INFO | Classification report for TEST DATA:
10-20-2023 12:10:34 | INFO |               precision    recall  f1-score   support

           0       1.00      1.00      1.00        18

    accuracy                           1.00        18
   macro avg       1.00      1.00      1.00        18
weighted avg       1.00      1.00      1.00        18

10-20-2023 12:10:34 | INFO |         pred:0
true:0      18
10-20-2023 12:10:34 | INFO |  "Accuracy": 1.0, "Precision": 0.0, "Recall": 0.0, "F1": 0.0, "MCC": 0.0
10-20-2023 12:10:34 | INFO | *** EVALUATION ON TEST DATA  ***
10-20-2023 12:10:34 | INFO | AUC: nan
10-20-2023 12:10:34 | INFO | Matthews Correlation Coefficient computed after applying the tuned/selected threshold : 0.0
10-20-2023 12:10:34 | INFO | Accuracy on test set: 92.31%
10-20-2023 12:10:34 | INFO | Classification report for TEST DATA:
10-20-2023 12:10:34 | INFO |               precision    recall  f1-score   support

           0       1.00      0.92      0.96        39
           1       0.00      0.00      0.00         0

    accuracy                           0.92        39
   macro avg       0.50      0.46      0.48        39
weighted avg       1.00      0.92      0.96        39

10-20-2023 12:10:34 | INFO |         pred:0  pred:1
true:0      36       3
true:1       0       0
10-20-2023 12:10:35 | INFO |  "Accuracy": 0.9230769230769231, "Precision": 0.0, "Recall": 0.0, "F1": 0.0, "MCC": 0.0
10-20-2023 12:10:35 | INFO | *** EVALUATION ON TEST DATA  ***
10-20-2023 12:10:35 | INFO | AUC: nan
10-20-2023 12:10:35 | INFO | Matthews Correlation Coefficient computed after applying the tuned/selected threshold : 0.0
10-20-2023 12:10:35 | INFO | Accuracy on test set: 91.67%
10-20-2023 12:10:35 | INFO | Classification report for TEST DATA:
10-20-2023 12:10:35 | INFO |               precision    recall  f1-score   support

           0       0.00      0.00      0.00         0
           1       1.00      0.92      0.96        24

    accuracy                           0.92        24
   macro avg       0.50      0.46      0.48        24
weighted avg       1.00      0.92      0.96        24

10-20-2023 12:10:35 | INFO |         pred:0  pred:1
true:0       0       0
true:1       2      22
10-20-2023 12:10:35 | INFO |  "Accuracy": 0.9166666666666666, "Precision": 1.0, "Recall": 0.9166666666666666, "F1": 0.9565217391304348, "MCC": 0.0
10-20-2023 12:10:35 | INFO | *** EVALUATION ON TEST DATA  ***
10-20-2023 12:10:35 | INFO | AUC: nan
10-20-2023 12:10:35 | INFO | Matthews Correlation Coefficient computed after applying the tuned/selected threshold : 0.0
10-20-2023 12:10:35 | INFO | Accuracy on test set: 100.00%
10-20-2023 12:10:35 | INFO | Classification report for TEST DATA:
10-20-2023 12:10:35 | INFO |               precision    recall  f1-score   support

           0       1.00      1.00      1.00         9

    accuracy                           1.00         9
   macro avg       1.00      1.00      1.00         9
weighted avg       1.00      1.00      1.00         9

10-20-2023 12:10:35 | INFO |         pred:0
true:0       9
10-20-2023 12:10:35 | INFO |  "Accuracy": 1.0, "Precision": 0.0, "Recall": 0.0, "F1": 0.0, "MCC": 0.0
10-20-2023 12:10:35 | INFO | *** EVALUATION ON TEST DATA  ***
10-20-2023 12:10:35 | INFO | AUC: nan
10-20-2023 12:10:35 | INFO | Matthews Correlation Coefficient computed after applying the tuned/selected threshold : 0.0
10-20-2023 12:10:35 | INFO | Accuracy on test set: 100.00%
10-20-2023 12:10:35 | INFO | Classification report for TEST DATA:
10-20-2023 12:10:35 | INFO |               precision    recall  f1-score   support

           0       1.00      1.00      1.00        35

    accuracy                           1.00        35
   macro avg       1.00      1.00      1.00        35
weighted avg       1.00      1.00      1.00        35

10-20-2023 12:10:35 | INFO |         pred:0
true:0      35
10-20-2023 12:10:36 | INFO |  "Accuracy": 1.0, "Precision": 0.0, "Recall": 0.0, "F1": 0.0, "MCC": 0.0
10-20-2023 12:10:36 | INFO | *** EVALUATION ON TEST DATA  ***
10-20-2023 12:10:36 | INFO | AUC: nan
10-20-2023 12:10:36 | INFO | Matthews Correlation Coefficient computed after applying the tuned/selected threshold : 0.0
10-20-2023 12:10:36 | INFO | Accuracy on test set: 100.00%
10-20-2023 12:10:36 | INFO | Classification report for TEST DATA:
10-20-2023 12:10:36 | INFO |               precision    recall  f1-score   support

           1       1.00      1.00      1.00        15

    accuracy                           1.00        15
   macro avg       1.00      1.00      1.00        15
weighted avg       1.00      1.00      1.00        15

10-20-2023 12:10:36 | INFO |         pred:1
true:1      15
10-20-2023 12:10:36 | INFO |  "Accuracy": 1.0, "Precision": 1.0, "Recall": 1.0, "F1": 1.0, "MCC": 0.0
10-20-2023 12:10:36 | INFO | *** EVALUATION ON TEST DATA  ***
10-20-2023 12:10:36 | INFO | AUC: nan
10-20-2023 12:10:36 | INFO | Matthews Correlation Coefficient computed after applying the tuned/selected threshold : 0.0
10-20-2023 12:10:36 | INFO | Accuracy on test set: 100.00%
10-20-2023 12:10:36 | INFO | Classification report for TEST DATA:
10-20-2023 12:10:36 | INFO |               precision    recall  f1-score   support

           0       1.00      1.00      1.00        38

    accuracy                           1.00        38
   macro avg       1.00      1.00      1.00        38
weighted avg       1.00      1.00      1.00        38

10-20-2023 12:10:36 | INFO |         pred:0
true:0      38
10-20-2023 12:10:36 | INFO |  "Accuracy": 1.0, "Precision": 0.0, "Recall": 0.0, "F1": 0.0, "MCC": 0.0
10-20-2023 12:10:36 | INFO | *** EVALUATION ON TEST DATA  ***
10-20-2023 12:10:36 | INFO | AUC: nan
10-20-2023 12:10:36 | INFO | Matthews Correlation Coefficient computed after applying the tuned/selected threshold : 0.0
10-20-2023 12:10:36 | INFO | Accuracy on test set: 100.00%
10-20-2023 12:10:36 | INFO | Classification report for TEST DATA:
10-20-2023 12:10:36 | INFO |               precision    recall  f1-score   support

           1       1.00      1.00      1.00       170

    accuracy                           1.00       170
   macro avg       1.00      1.00      1.00       170
weighted avg       1.00      1.00      1.00       170

10-20-2023 12:10:36 | INFO |         pred:1
true:1     170
10-20-2023 12:10:37 | INFO |  "Accuracy": 1.0, "Precision": 1.0, "Recall": 1.0, "F1": 1.0, "MCC": 0.0
10-20-2023 12:24:30 | INFO | *** EVALUATION ON TEST DATA  ***
10-20-2023 12:24:30 | INFO | AUC: nan
10-20-2023 12:24:30 | INFO | Matthews Correlation Coefficient computed after applying the tuned/selected threshold : 0.0
10-20-2023 12:24:30 | INFO | Accuracy on test set: 100.00%
10-20-2023 12:24:31 | INFO | Classification report for TEST DATA:
10-20-2023 12:24:31 | INFO |               precision    recall  f1-score   support

           0       1.00      1.00      1.00        17

    accuracy                           1.00        17
   macro avg       1.00      1.00      1.00        17
weighted avg       1.00      1.00      1.00        17

10-20-2023 12:24:31 | INFO |         pred:0
true:0      17
10-20-2023 12:24:31 | INFO |  "Accuracy": 1.0, "Precision": 0.0, "Recall": 0.0, "F1": 0.0, "MCC": 0.0
10-20-2023 12:24:31 | INFO | *** EVALUATION ON TEST DATA  ***
10-20-2023 12:24:31 | INFO | AUC: nan
10-20-2023 12:24:31 | INFO | Matthews Correlation Coefficient computed after applying the tuned/selected threshold : 0.0
10-20-2023 12:24:31 | INFO | Accuracy on test set: 99.11%
10-20-2023 12:24:31 | INFO | Classification report for TEST DATA:
10-20-2023 12:24:31 | INFO |               precision    recall  f1-score   support

           0       1.00      0.99      1.00       112
           1       0.00      0.00      0.00         0

    accuracy                           0.99       112
   macro avg       0.50      0.50      0.50       112
weighted avg       1.00      0.99      1.00       112

10-20-2023 12:24:31 | INFO |         pred:0  pred:1
true:0     111       1
true:1       0       0
10-20-2023 12:24:31 | INFO |  "Accuracy": 0.9910714285714286, "Precision": 0.0, "Recall": 0.0, "F1": 0.0, "MCC": 0.0
10-20-2023 12:24:31 | INFO | *** EVALUATION ON TEST DATA  ***
10-20-2023 12:24:31 | INFO | AUC: nan
10-20-2023 12:24:31 | INFO | Matthews Correlation Coefficient computed after applying the tuned/selected threshold : 0.0
10-20-2023 12:24:31 | INFO | Accuracy on test set: 98.15%
10-20-2023 12:24:31 | INFO | Classification report for TEST DATA:
10-20-2023 12:24:31 | INFO |               precision    recall  f1-score   support

           0       1.00      0.98      0.99        54
           1       0.00      0.00      0.00         0

    accuracy                           0.98        54
   macro avg       0.50      0.49      0.50        54
weighted avg       1.00      0.98      0.99        54

10-20-2023 12:24:31 | INFO |         pred:0  pred:1
true:0      53       1
true:1       0       0
10-20-2023 12:24:31 | INFO |  "Accuracy": 0.9814814814814815, "Precision": 0.0, "Recall": 0.0, "F1": 0.0, "MCC": 0.0
10-20-2023 12:24:31 | INFO | *** EVALUATION ON TEST DATA  ***
10-20-2023 12:24:31 | INFO | AUC: nan
10-20-2023 12:24:31 | INFO | Matthews Correlation Coefficient computed after applying the tuned/selected threshold : 0.0
10-20-2023 12:24:31 | INFO | Accuracy on test set: 100.00%
10-20-2023 12:24:32 | INFO | Classification report for TEST DATA:
10-20-2023 12:24:32 | INFO |               precision    recall  f1-score   support

           0       1.00      1.00      1.00        18

    accuracy                           1.00        18
   macro avg       1.00      1.00      1.00        18
weighted avg       1.00      1.00      1.00        18

10-20-2023 12:24:32 | INFO |         pred:0
true:0      18
10-20-2023 12:24:32 | INFO |  "Accuracy": 1.0, "Precision": 0.0, "Recall": 0.0, "F1": 0.0, "MCC": 0.0
10-20-2023 12:24:32 | INFO | *** EVALUATION ON TEST DATA  ***
10-20-2023 12:24:32 | INFO | AUC: nan
10-20-2023 12:24:32 | INFO | Matthews Correlation Coefficient computed after applying the tuned/selected threshold : 0.0
10-20-2023 12:24:32 | INFO | Accuracy on test set: 92.31%
10-20-2023 12:24:32 | INFO | Classification report for TEST DATA:
10-20-2023 12:24:32 | INFO |               precision    recall  f1-score   support

           0       1.00      0.92      0.96        39
           1       0.00      0.00      0.00         0

    accuracy                           0.92        39
   macro avg       0.50      0.46      0.48        39
weighted avg       1.00      0.92      0.96        39

10-20-2023 12:24:32 | INFO |         pred:0  pred:1
true:0      36       3
true:1       0       0
10-20-2023 12:24:32 | INFO |  "Accuracy": 0.9230769230769231, "Precision": 0.0, "Recall": 0.0, "F1": 0.0, "MCC": 0.0
10-20-2023 12:24:32 | INFO | *** EVALUATION ON TEST DATA  ***
10-20-2023 12:24:32 | INFO | AUC: nan
10-20-2023 12:24:32 | INFO | Matthews Correlation Coefficient computed after applying the tuned/selected threshold : 0.0
10-20-2023 12:24:32 | INFO | Accuracy on test set: 91.67%
10-20-2023 12:24:32 | INFO | Classification report for TEST DATA:
10-20-2023 12:24:32 | INFO |               precision    recall  f1-score   support

           0       0.00      0.00      0.00         0
           1       1.00      0.92      0.96        24

    accuracy                           0.92        24
   macro avg       0.50      0.46      0.48        24
weighted avg       1.00      0.92      0.96        24

10-20-2023 12:24:32 | INFO |         pred:0  pred:1
true:0       0       0
true:1       2      22
10-20-2023 12:24:32 | INFO |  "Accuracy": 0.9166666666666666, "Precision": 1.0, "Recall": 0.9166666666666666, "F1": 0.9565217391304348, "MCC": 0.0
10-20-2023 12:24:32 | INFO | *** EVALUATION ON TEST DATA  ***
10-20-2023 12:24:32 | INFO | AUC: nan
10-20-2023 12:24:32 | INFO | Matthews Correlation Coefficient computed after applying the tuned/selected threshold : 0.0
10-20-2023 12:24:32 | INFO | Accuracy on test set: 100.00%
10-20-2023 12:24:33 | INFO | Classification report for TEST DATA:
10-20-2023 12:24:33 | INFO |               precision    recall  f1-score   support

           0       1.00      1.00      1.00         9

    accuracy                           1.00         9
   macro avg       1.00      1.00      1.00         9
weighted avg       1.00      1.00      1.00         9

10-20-2023 12:24:33 | INFO |         pred:0
true:0       9
10-20-2023 12:24:33 | INFO |  "Accuracy": 1.0, "Precision": 0.0, "Recall": 0.0, "F1": 0.0, "MCC": 0.0
10-20-2023 12:24:33 | INFO | *** EVALUATION ON TEST DATA  ***
10-20-2023 12:24:33 | INFO | AUC: nan
10-20-2023 12:24:33 | INFO | Matthews Correlation Coefficient computed after applying the tuned/selected threshold : 0.0
10-20-2023 12:24:33 | INFO | Accuracy on test set: 100.00%
10-20-2023 12:24:33 | INFO | Classification report for TEST DATA:
10-20-2023 12:24:33 | INFO |               precision    recall  f1-score   support

           0       1.00      1.00      1.00        35

    accuracy                           1.00        35
   macro avg       1.00      1.00      1.00        35
weighted avg       1.00      1.00      1.00        35

10-20-2023 12:24:33 | INFO |         pred:0
true:0      35
10-20-2023 12:24:33 | INFO |  "Accuracy": 1.0, "Precision": 0.0, "Recall": 0.0, "F1": 0.0, "MCC": 0.0
10-20-2023 12:24:33 | INFO | *** EVALUATION ON TEST DATA  ***
10-20-2023 12:24:33 | INFO | AUC: nan
10-20-2023 12:24:33 | INFO | Matthews Correlation Coefficient computed after applying the tuned/selected threshold : 0.0
10-20-2023 12:24:33 | INFO | Accuracy on test set: 100.00%
10-20-2023 12:24:33 | INFO | Classification report for TEST DATA:
10-20-2023 12:24:33 | INFO |               precision    recall  f1-score   support

           1       1.00      1.00      1.00        15

    accuracy                           1.00        15
   macro avg       1.00      1.00      1.00        15
weighted avg       1.00      1.00      1.00        15

10-20-2023 12:24:33 | INFO |         pred:1
true:1      15
10-20-2023 12:24:33 | INFO |  "Accuracy": 1.0, "Precision": 1.0, "Recall": 1.0, "F1": 1.0, "MCC": 0.0
10-20-2023 12:24:33 | INFO | *** EVALUATION ON TEST DATA  ***
10-20-2023 12:24:33 | INFO | AUC: nan
10-20-2023 12:24:33 | INFO | Matthews Correlation Coefficient computed after applying the tuned/selected threshold : 0.0
10-20-2023 12:24:33 | INFO | Accuracy on test set: 100.00%
10-20-2023 12:24:34 | INFO | Classification report for TEST DATA:
10-20-2023 12:24:34 | INFO |               precision    recall  f1-score   support

           0       1.00      1.00      1.00        38

    accuracy                           1.00        38
   macro avg       1.00      1.00      1.00        38
weighted avg       1.00      1.00      1.00        38

10-20-2023 12:24:34 | INFO |         pred:0
true:0      38
10-20-2023 12:24:34 | INFO |  "Accuracy": 1.0, "Precision": 0.0, "Recall": 0.0, "F1": 0.0, "MCC": 0.0
10-20-2023 12:24:34 | INFO | *** EVALUATION ON TEST DATA  ***
10-20-2023 12:24:34 | INFO | AUC: nan
10-20-2023 12:24:34 | INFO | Matthews Correlation Coefficient computed after applying the tuned/selected threshold : 0.0
10-20-2023 12:24:34 | INFO | Accuracy on test set: 100.00%
10-20-2023 12:24:34 | INFO | Classification report for TEST DATA:
10-20-2023 12:24:34 | INFO |               precision    recall  f1-score   support

           1       1.00      1.00      1.00       170

    accuracy                           1.00       170
   macro avg       1.00      1.00      1.00       170
weighted avg       1.00      1.00      1.00       170

10-20-2023 12:24:34 | INFO |         pred:1
true:1     170
10-20-2023 12:24:34 | INFO |  "Accuracy": 1.0, "Precision": 1.0, "Recall": 1.0, "F1": 1.0, "MCC": 0.0
